2026-10-09 10:43:25.860 CDT [9M] INFO: Config file /etc/pihole/pihole.toml not available (r): No such file or directory
2026-10-09 10:43:25.862 CDT [10M] INFO: Config file /etc/pihole/pihole.toml not available (r): No such file or directory
2026-10-09 10:51:26.204 CDT [193M] INFO: ########## FTL started on 166fd1ab3cfa! ##########
2026-10-09 10:51:26.204 CDT [193M] INFO: FTL branch: master
2026-10-09 10:51:26.205 CDT [193M] INFO: FTL version: v6.7.1
2026-10-09 10:51:26.205 CDT [193M] INFO: FTL commit: 0bf029ba
2026-10-09 10:51:26.205 CDT [193M] INFO: FTL date: 2026-09-19 21:02:17 +0200
2026-10-09 10:51:26.205 CDT [193M] INFO: FTL user: pihole
2026-10-09 10:51:26.205 CDT [193M] INFO: Compiled for linux/amd64 (compiled on CI) using cc (Alpine 15.2.0) 15.2.0
2026-10-09 10:51:26.206 CDT [193M] INFO: 2 FTLCONF environment variables found (1 used, 0 invalid, 1 ignored)
2026-10-09 10:51:26.206 CDT [193M] INFO:    [✓] FTLCONF_dns_upstreams is used
2026-10-09 10:51:26.207 CDT [193M] WARNING: [?] FTLCONF_LOCAL_IPV4 is unknown, did you mean any of these?
2026-10-09 10:51:26.207 CDT [193M] WARNING:     - FTLCONF_debug_all
2026-10-09 10:51:26.209 CDT [193M] INFO: Wrote config file:
2026-10-09 10:51:26.209 CDT [193M] INFO:  - 167 total entries
2026-10-09 10:51:26.209 CDT [193M] INFO:  - 164 entries are default
2026-10-09 10:51:26.209 CDT [193M] INFO:  - 3 entries are modified
2026-10-09 10:51:26.209 CDT [193M] INFO:  - 1 entry is forced through environment
2026-10-09 10:51:26.232 CDT [193M] INFO: Parsed config file /etc/pihole/pihole.toml successfully
2026-10-09 10:51:26.232 CDT [193M] INFO: PID file does not exist or not readable
2026-10-09 10:51:26.232 CDT [193M] INFO: No other running FTL process found.
2026-10-09 10:51:26.232 CDT [193M] WARNING: Insufficient permissions to set process priority to -10 (CAP_SYS_NICE required), process priority remains at 0
2026-10-09 10:51:26.235 CDT [193M] INFO: PID of FTL process: 193
2026-10-09 10:51:26.237 CDT [193M] WARNING: Linux capability CAP_SYS_NICE is not available, needed for raising the process priority set in misc.nice
2026-10-09 10:51:26.237 CDT [193M] WARNING: Linux capability CAP_SYS_TIME is not available, needed for setting the system time from the NTP client
2026-10-09 10:51:26.239 CDT [193M] INFO: listening on 0.0.0.0 port 53
2026-10-09 10:51:26.239 CDT [193M] INFO: listening on :: port 53
2026-10-09 10:51:26.242 CDT [193M] WARNING: No database file found, creating new (empty) database at /etc/pihole/pihole-FTL.db
2026-10-09 10:51:26.270 CDT [193M] INFO: Database version is 1
2026-10-09 10:51:26.270 CDT [193M] INFO: Updating long-term database to version 2
2026-10-09 10:51:26.276 CDT [193M] INFO: Updating long-term database to version 3
2026-10-09 10:51:26.286 CDT [193M] INFO: Updating long-term database to version 4
2026-10-09 10:51:26.290 CDT [193M] INFO: Updating long-term database to version 5
2026-10-09 10:51:26.299 CDT [193M] INFO: Updating long-term database to version 6
2026-10-09 10:51:26.304 CDT [193M] INFO: Updating long-term database to version 7
2026-10-09 10:51:26.309 CDT [193M] INFO: Updating long-term database to version 8
2026-10-09 10:51:26.331 CDT [193M] INFO: Updating long-term database to version 9
2026-10-09 10:51:26.339 CDT [193M] INFO: Updating long-term database to version 10
2026-10-09 10:51:26.350 CDT [193M] INFO: Updating long-term database to version 11
2026-10-09 10:51:26.356 CDT [193M] INFO: Updating long-term database to version 12
2026-10-09 10:51:26.360 CDT [193M] INFO: Updating long-term database to version 13
2026-10-09 10:51:26.364 CDT [193M] INFO: Updating long-term database to version 14
2026-10-09 10:51:26.368 CDT [193M] INFO: Updating long-term database to version 15
2026-10-09 10:51:26.372 CDT [193M] INFO: Updating long-term database to version 16
2026-10-09 10:51:26.376 CDT [193M] INFO: Updating long-term database to version 17
2026-10-09 10:51:26.380 CDT [193M] INFO: Updating long-term database to version 18
2026-10-09 10:51:26.384 CDT [193M] INFO: Updating long-term database to version 19
2026-10-09 10:51:26.387 CDT [193M] INFO: Updating long-term database to version 20
2026-10-09 10:51:26.394 CDT [193M] INFO: Updating long-term database to version 21
2026-10-09 10:51:26.399 CDT [193M] INFO: Updating long-term database to version 22
2026-10-09 10:51:26.403 CDT [193M] INFO: Database successfully initialized
2026-10-09 10:51:26.447 CDT [193M] WARNING: Insufficient permissions to set system time (CAP_SYS_TIME required), NTP client not available
2026-10-09 10:51:26.447 CDT [193M] INFO: Restored 0 API sessions from the database
2026-10-09 10:51:26.447 CDT [193/T223] INFO: NTP server listening on 0.0.0.0:123 (IPv4)
2026-10-09 10:51:26.448 CDT [193/T224] INFO: NTP server listening on :::123 (IPv6)
2026-10-09 10:51:26.450 CDT [193M] INFO: FTL is running as user pihole (UID 1000)
2026-10-09 10:51:26.450 CDT [193M] WARNING: Linux capability CAP_SYS_NICE is not available, needed for raising the process priority set in misc.nice
2026-10-09 10:51:26.450 CDT [193M] WARNING: Linux capability CAP_SYS_TIME is not available, needed for setting the system time from the NTP client
2026-10-09 10:51:26.450 CDT [193M] INFO: Blocking status is enabled
2026-10-09 10:51:26.454 CDT [193/T225] INFO: Imported 0 queries from the on-disk database (it has 0 rows)
2026-10-09 10:51:26.454 CDT [193/T225] INFO: Parsing queries in database
2026-10-09 10:51:26.454 CDT [193/T225] INFO: Imported 0 queries from the long-term database
2026-10-09 10:51:26.454 CDT [193/T225] INFO:  -> Total DNS queries: 0
2026-10-09 10:51:26.454 CDT [193/T225] INFO:  -> Cached DNS queries: 0
2026-10-09 10:51:26.454 CDT [193/T225] INFO:  -> Forwarded DNS queries: 0
2026-10-09 10:51:26.454 CDT [193/T225] INFO:  -> Blocked DNS queries: 0
2026-10-09 10:51:26.454 CDT [193/T225] INFO:  -> Unknown DNS queries: 0
2026-10-09 10:51:26.454 CDT [193/T225] INFO:  -> Unique domains: 0
2026-10-09 10:51:26.454 CDT [193/T225] INFO:  -> Unique clients: 0
2026-10-09 10:51:26.454 CDT [193/T225] INFO:  -> DNS cache records: 0
2026-10-09 10:51:26.454 CDT [193/T225] INFO:  -> Known forward destinations: 0
2026-10-09 10:51:26.454 CDT [193/T225] WARNING: gravityDB_open(): /etc/pihole/gravity.db does not exist
2026-10-09 10:51:26.454 CDT [193/T225] WARNING: gravityDB_open(): /etc/pihole/gravity.db does not exist
2026-10-09 10:51:26.455 CDT [193/T225] WARNING: gravityDB_count(0): Gravity database not available
2026-10-09 10:51:26.455 CDT [193/T225] WARNING: gravityDB_open(): /etc/pihole/gravity.db does not exist
2026-10-09 10:51:26.455 CDT [193/T225] WARNING: gravityDB_count(1): Gravity database not available
2026-10-09 10:51:26.455 CDT [193/T225] WARNING: gravityDB_open(): /etc/pihole/gravity.db does not exist
2026-10-09 10:51:26.455 CDT [193/T225] WARNING: gravityDB_count(7): Gravity database not available
2026-10-09 10:51:26.455 CDT [193/T225] WARNING: gravityDB_open(): /etc/pihole/gravity.db does not exist
2026-10-09 10:51:26.455 CDT [193/T225] WARNING: gravityDB_count(6): Gravity database not available
2026-10-09 10:51:26.455 CDT [193/T225] WARNING: gravityDB_open(): /etc/pihole/gravity.db does not exist
2026-10-09 10:51:26.455 CDT [193/T225] WARNING: gravityDB_count(8): Gravity database not available
2026-10-09 10:51:26.462 CDT [193/T225] WARNING: gravityDB_open(): /etc/pihole/gravity.db does not exist
2026-10-09 10:51:26.462 CDT [193/T225] WARNING: gravityDB_count(3): Gravity database not available
2026-10-09 10:51:26.462 CDT [193/T225] WARNING: gravityDB_open(): /etc/pihole/gravity.db does not exist
2026-10-09 10:51:26.462 CDT [193/T225] WARNING: gravityDB_count(3): Gravity database not available
2026-10-09 10:51:26.462 CDT [193/T225] WARNING: gravityDB_open(): /etc/pihole/gravity.db does not exist
2026-10-09 10:51:26.462 CDT [193/T225] WARNING: gravityDB_count(2): Gravity database not available
2026-10-09 10:51:26.462 CDT [193/T225] WARNING: gravityDB_open(): /etc/pihole/gravity.db does not exist
2026-10-09 10:51:26.462 CDT [193/T225] WARNING: gravityDB_count(2): Gravity database not available
2026-10-09 10:51:26.462 CDT [193/T225] WARNING: gravityDB_open(): /etc/pihole/gravity.db does not exist
2026-10-09 10:51:26.462 CDT [193/T225] WARNING: gravityDB_count(5): Gravity database not available
2026-10-09 10:51:26.462 CDT [193/T225] WARNING: gravityDB_open(): /etc/pihole/gravity.db does not exist
2026-10-09 10:51:26.463 CDT [193/T225] WARNING: gravityDB_count(5): Gravity database not available
2026-10-09 10:51:26.463 CDT [193/T225] WARNING: gravityDB_open(): /etc/pihole/gravity.db does not exist
2026-10-09 10:51:26.463 CDT [193/T225] WARNING: gravityDB_count(4): Gravity database not available
2026-10-09 10:51:26.463 CDT [193/T225] WARNING: gravityDB_open(): /etc/pihole/gravity.db does not exist
2026-10-09 10:51:26.463 CDT [193/T225] WARNING: gravityDB_count(4): Gravity database not available
2026-10-09 10:51:26.463 CDT [193/T225] WARNING: gravityDB_open(): /etc/pihole/gravity.db does not exist
2026-10-09 10:51:26.463 CDT [193/T225] WARNING: gravityDB_count(4): Gravity database not available
2026-10-09 10:51:26.463 CDT [193/T225] WARNING: Database query failed, assuming there are no deny regex entries
2026-10-09 10:51:26.463 CDT [193/T225] WARNING: gravityDB_open(): /etc/pihole/gravity.db does not exist
2026-10-09 10:51:26.463 CDT [193/T225] WARNING: gravityDB_count(5): Gravity database not available
2026-10-09 10:51:26.463 CDT [193/T225] WARNING: Database query failed, assuming there are no allow regex entries
2026-10-09 10:51:26.463 CDT [193/T225] INFO: Compiled 0 allow and 0 deny regex for 0 client in 0.3 msec
2026-10-09 10:51:26.463 CDT [193/T225] WARNING: gravityDB_open(): /etc/pihole/gravity.db does not exist
2026-10-09 10:51:26.463 CDT [193/T225] ERROR: check_inaccessible_adlists(): Gravity database not available
2026-10-09 10:51:26.463 CDT [193/T225] WARNING: gravityDB_open(): /etc/pihole/gravity.db does not exist
2026-10-09 10:51:26.463 CDT [193/T225] ERROR: check_restored_gravity(): Gravity database not available
2026-10-09 10:51:26.478 CDT [193/T229] INFO: Created SSL/TLS certificate for pi.hole at /etc/pihole/tls.pem
2026-10-09 10:51:26.478 CDT [193/T229] INFO: Reading certificate from /etc/pihole/tls.pem ...
2026-10-09 10:51:26.479 CDT [193/T229] INFO: Using SSL/TLS certificate file /etc/pihole/tls.pem
2026-10-09 10:51:26.479 CDT [193/T229] INFO: Web server ports:
2026-10-09 10:51:26.479 CDT [193/T229] INFO:   - 0.0.0.0:80 (HTTP, IPv4, optional, OK)
2026-10-09 10:51:26.480 CDT [193/T229] INFO:   - 0.0.0.0:443 (HTTPS, IPv4, optional, OK)
2026-10-09 10:51:26.480 CDT [193/T229] INFO:   - [::]:80 (HTTP, IPv6, optional, OK)
2026-10-09 10:51:26.480 CDT [193/T229] INFO:   - [::]:443 (HTTPS, IPv6, optional, OK)
2026-10-09 10:51:27.067 CDT [193/T225] ERROR: Cannot read gravity database at /etc/pihole/gravity.db - file does not exist or is not readable
2026-10-09 10:51:28.068 CDT [193/T225] ERROR: Cannot read gravity database at /etc/pihole/gravity.db - file does not exist or is not readable
2026-10-09 10:51:29.070 CDT [193/T225] ERROR: Cannot read gravity database at /etc/pihole/gravity.db - file does not exist or is not readable
2026-10-09 10:51:30.071 CDT [193/T225] ERROR: Cannot read gravity database at /etc/pihole/gravity.db - file does not exist or is not readable
2026-10-09 10:51:31.072 CDT [193/T225] ERROR: Cannot read gravity database at /etc/pihole/gravity.db - file does not exist or is not readable
2026-10-09 10:51:32.074 CDT [193/T225] ERROR: Cannot read gravity database at /etc/pihole/gravity.db - file does not exist or is not readable
2026-10-09 10:51:33.075 CDT [193/T225] ERROR: Cannot read gravity database at /etc/pihole/gravity.db - file does not exist or is not readable
2026-10-09 10:51:34.076 CDT [193/T225] ERROR: Cannot read gravity database at /etc/pihole/gravity.db - file does not exist or is not readable
2026-10-09 10:51:35.078 CDT [193/T225] ERROR: Cannot read gravity database at /etc/pihole/gravity.db - file does not exist or is not readable
2026-10-09 10:51:36.079 CDT [193/T225] ERROR: Cannot read gravity database at /etc/pihole/gravity.db - file does not exist or is not readable
2026-10-09 10:51:37.080 CDT [193/T225] ERROR: Cannot read gravity database at /etc/pihole/gravity.db - file does not exist or is not readable
2026-10-09 10:51:38.082 CDT [193/T225] ERROR: Cannot read gravity database at /etc/pihole/gravity.db - file does not exist or is not readable
2026-10-09 10:51:39.083 CDT [193/T225] ERROR: Cannot read gravity database at /etc/pihole/gravity.db - file does not exist or is not readable
2026-10-09 10:51:40.086 CDT [193/T225] ERROR: Cannot read gravity database at /etc/pihole/gravity.db - file does not exist or is not readable
2026-10-09 10:51:41.089 CDT [193/T225] ERROR: Cannot read gravity database at /etc/pihole/gravity.db - file does not exist or is not readable
2026-10-09 10:51:42.091 CDT [193/T225] ERROR: Cannot read gravity database at /etc/pihole/gravity.db - file does not exist or is not readable
2026-10-09 10:51:43.092 CDT [193/T225] ERROR: Cannot read gravity database at /etc/pihole/gravity.db - file does not exist or is not readable
2026-10-09 10:51:44.094 CDT [193/T225] ERROR: Cannot read gravity database at /etc/pihole/gravity.db - file does not exist or is not readable
2026-10-09 10:51:45.095 CDT [193/T225] ERROR: Cannot read gravity database at /etc/pihole/gravity.db - file does not exist or is not readable
2026-10-09 10:51:46.097 CDT [193/T225] ERROR: Cannot read gravity database at /etc/pihole/gravity.db - file does not exist or is not readable
2026-10-09 10:51:47.099 CDT [193/T225] ERROR: Cannot read gravity database at /etc/pihole/gravity.db - file does not exist or is not readable
2026-10-09 10:51:48.000 CDT [193/T225] ERROR: Cannot read gravity database at /etc/pihole/gravity.db - file does not exist or is not readable
2026-10-09 10:51:49.002 CDT [193/T225] ERROR: Cannot read gravity database at /etc/pihole/gravity.db - file does not exist or is not readable
2026-10-09 10:51:50.003 CDT [193/T225] ERROR: Cannot read gravity database at /etc/pihole/gravity.db - file does not exist or is not readable
2026-10-09 10:51:51.005 CDT [193/T225] ERROR: Cannot read gravity database at /etc/pihole/gravity.db - file does not exist or is not readable
2026-10-09 10:51:52.007 CDT [193/T225] ERROR: Cannot read gravity database at /etc/pihole/gravity.db - file does not exist or is not readable
2026-10-09 10:51:53.008 CDT [193/T225] ERROR: Cannot read gravity database at /etc/pihole/gravity.db - file does not exist or is not readable
2026-10-09 10:51:54.010 CDT [193/T225] ERROR: Cannot read gravity database at /etc/pihole/gravity.db - file does not exist or is not readable
2026-10-09 10:51:55.012 CDT [193/T225] ERROR: Cannot read gravity database at /etc/pihole/gravity.db - file does not exist or is not readable
2026-10-09 10:51:56.013 CDT [193/T225] ERROR: Cannot read gravity database at /etc/pihole/gravity.db - file does not exist or is not readable
2026-10-09 10:51:57.014 CDT [193/T225] ERROR: Cannot read gravity database at /etc/pihole/gravity.db - file does not exist or is not readable
2026-10-09 10:51:58.016 CDT [193/T225] ERROR: Cannot read gravity database at /etc/pihole/gravity.db - file does not exist or is not readable
2026-10-09 10:51:59.017 CDT [193/T225] ERROR: Cannot read gravity database at /etc/pihole/gravity.db - file does not exist or is not readable
2026-10-09 10:52:00.019 CDT [193/T225] ERROR: Cannot read gravity database at /etc/pihole/gravity.db - file does not exist or is not readable
2026-10-09 10:52:01.022 CDT [193/T225] ERROR: Cannot read gravity database at /etc/pihole/gravity.db - file does not exist or is not readable
2026-10-09 10:52:02.023 CDT [193/T225] ERROR: Cannot read gravity database at /etc/pihole/gravity.db - file does not exist or is not readable
2026-10-09 10:52:03.025 CDT [193/T225] ERROR: Cannot read gravity database at /etc/pihole/gravity.db - file does not exist or is not readable
2026-10-09 10:52:04.026 CDT [193/T225] ERROR: Cannot read gravity database at /etc/pihole/gravity.db - file does not exist or is not readable
2026-10-09 10:52:05.027 CDT [193/T225] ERROR: Cannot read gravity database at /etc/pihole/gravity.db - file does not exist or is not readable
2026-10-09 10:52:06.029 CDT [193/T225] ERROR: Cannot read gravity database at /etc/pihole/gravity.db - file does not exist or is not readable
2026-10-09 10:52:07.030 CDT [193/T225] ERROR: Cannot read gravity database at /etc/pihole/gravity.db - file does not exist or is not readable
2026-10-09 10:52:08.032 CDT [193/T225] ERROR: Cannot read gravity database at /etc/pihole/gravity.db - file does not exist or is not readable
2026-10-09 10:52:09.033 CDT [193/T225] ERROR: Cannot read gravity database at /etc/pihole/gravity.db - file does not exist or is not readable
2026-10-09 10:52:10.035 CDT [193/T225] ERROR: Cannot read gravity database at /etc/pihole/gravity.db - file does not exist or is not readable
2026-10-09 10:52:11.036 CDT [193/T225] ERROR: Cannot read gravity database at /etc/pihole/gravity.db - file does not exist or is not readable
2026-10-09 10:52:12.037 CDT [193/T225] ERROR: Cannot read gravity database at /etc/pihole/gravity.db - file does not exist or is not readable
2026-10-09 10:52:13.039 CDT [193/T225] ERROR: Cannot read gravity database at /etc/pihole/gravity.db - file does not exist or is not readable
2026-10-09 10:52:14.040 CDT [193/T225] ERROR: Cannot read gravity database at /etc/pihole/gravity.db - file does not exist or is not readable
2026-10-09 10:52:15.042 CDT [193/T225] ERROR: Cannot read gravity database at /etc/pihole/gravity.db - file does not exist or is not readable
2026-10-09 10:52:16.043 CDT [193/T225] ERROR: Cannot read gravity database at /etc/pihole/gravity.db - file does not exist or is not readable
2026-10-09 10:52:17.046 CDT [193/T225] ERROR: Cannot read gravity database at /etc/pihole/gravity.db - file does not exist or is not readable
2026-10-09 10:52:18.048 CDT [193/T225] ERROR: Cannot read gravity database at /etc/pihole/gravity.db - file does not exist or is not readable
2026-10-09 10:52:19.049 CDT [193/T225] ERROR: Cannot read gravity database at /etc/pihole/gravity.db - file does not exist or is not readable
2026-10-09 10:52:20.050 CDT [193/T225] ERROR: Cannot read gravity database at /etc/pihole/gravity.db - file does not exist or is not readable
2026-10-09 10:52:21.052 CDT [193/T225] ERROR: Cannot read gravity database at /etc/pihole/gravity.db - file does not exist or is not readable
2026-10-09 10:52:22.053 CDT [193/T225] ERROR: Cannot read gravity database at /etc/pihole/gravity.db - file does not exist or is not readable
2026-10-09 10:52:23.054 CDT [193/T225] ERROR: Cannot read gravity database at /etc/pihole/gravity.db - file does not exist or is not readable
2026-10-09 10:52:24.057 CDT [193/T225] ERROR: Cannot read gravity database at /etc/pihole/gravity.db - file does not exist or is not readable
2026-10-09 10:52:25.058 CDT [193/T225] ERROR: Cannot read gravity database at /etc/pihole/gravity.db - file does not exist or is not readable
2026-10-09 10:52:26.060 CDT [193/T225] ERROR: Cannot read gravity database at /etc/pihole/gravity.db - file does not exist or is not readable
2026-10-09 10:52:27.061 CDT [193/T225] ERROR: Cannot read gravity database at /etc/pihole/gravity.db - file does not exist or is not readable
2026-10-09 10:52:28.063 CDT [193/T225] ERROR: Cannot read gravity database at /etc/pihole/gravity.db - file does not exist or is not readable
2026-10-09 10:52:29.064 CDT [193/T225] ERROR: Cannot read gravity database at /etc/pihole/gravity.db - file does not exist or is not readable
2026-10-09 10:52:30.066 CDT [193/T225] ERROR: Cannot read gravity database at /etc/pihole/gravity.db - file does not exist or is not readable
2026-10-09 10:52:31.067 CDT [193/T225] ERROR: Cannot read gravity database at /etc/pihole/gravity.db - file does not exist or is not readable
2026-10-09 10:52:32.069 CDT [193/T225] ERROR: Cannot read gravity database at /etc/pihole/gravity.db - file does not exist or is not readable
2026-10-09 10:52:33.070 CDT [193/T225] ERROR: Cannot read gravity database at /etc/pihole/gravity.db - file does not exist or is not readable
2026-10-09 10:52:34.071 CDT [193/T225] ERROR: Cannot read gravity database at /etc/pihole/gravity.db - file does not exist or is not readable
2026-10-09 10:52:35.073 CDT [193/T225] ERROR: Cannot read gravity database at /etc/pihole/gravity.db - file does not exist or is not readable
2026-10-09 10:52:36.075 CDT [193/T225] ERROR: Cannot read gravity database at /etc/pihole/gravity.db - file does not exist or is not readable
2026-10-09 10:52:37.076 CDT [193/T225] ERROR: Cannot read gravity database at /etc/pihole/gravity.db - file does not exist or is not readable
2026-10-09 10:52:38.078 CDT [193/T225] ERROR: Cannot read gravity database at /etc/pihole/gravity.db - file does not exist or is not readable
2026-10-09 10:52:39.080 CDT [193/T225] ERROR: Cannot read gravity database at /etc/pihole/gravity.db - file does not exist or is not readable
2026-10-09 10:52:40.081 CDT [193/T225] ERROR: Cannot read gravity database at /etc/pihole/gravity.db - file does not exist or is not readable
2026-10-09 10:52:41.082 CDT [193/T225] ERROR: Cannot read gravity database at /etc/pihole/gravity.db - file does not exist or is not readable
2026-10-09 10:52:42.084 CDT [193/T225] ERROR: Cannot read gravity database at /etc/pihole/gravity.db - file does not exist or is not readable
2026-10-09 10:52:43.086 CDT [193/T225] ERROR: Cannot read gravity database at /etc/pihole/gravity.db - file does not exist or is not readable
2026-10-09 10:52:44.089 CDT [193/T225] ERROR: Cannot read gravity database at /etc/pihole/gravity.db - file does not exist or is not readable
2026-10-09 10:52:45.090 CDT [193/T225] ERROR: Cannot read gravity database at /etc/pihole/gravity.db - file does not exist or is not readable
2026-10-09 10:52:46.092 CDT [193/T225] ERROR: Cannot read gravity database at /etc/pihole/gravity.db - file does not exist or is not readable
2026-10-09 10:52:47.093 CDT [193/T225] ERROR: Cannot read gravity database at /etc/pihole/gravity.db - file does not exist or is not readable
2026-10-09 10:52:48.096 CDT [193/T225] ERROR: Cannot read gravity database at /etc/pihole/gravity.db - file does not exist or is not readable
2026-10-09 10:52:49.099 CDT [193/T225] ERROR: Cannot read gravity database at /etc/pihole/gravity.db - file does not exist or is not readable
2026-10-09 10:52:50.000 CDT [193/T225] ERROR: Cannot read gravity database at /etc/pihole/gravity.db - file does not exist or is not readable
2026-10-09 10:52:51.002 CDT [193/T225] ERROR: Cannot read gravity database at /etc/pihole/gravity.db - file does not exist or is not readable
2026-10-09 10:52:52.003 CDT [193/T225] ERROR: Cannot read gravity database at /etc/pihole/gravity.db - file does not exist or is not readable
2026-10-09 10:52:53.005 CDT [193/T225] ERROR: Cannot read gravity database at /etc/pihole/gravity.db - file does not exist or is not readable
2026-10-09 10:52:54.007 CDT [193/T225] ERROR: Cannot read gravity database at /etc/pihole/gravity.db - file does not exist or is not readable
2026-10-09 10:52:55.008 CDT [193/T225] ERROR: Cannot read gravity database at /etc/pihole/gravity.db - file does not exist or is not readable
2026-10-09 10:52:56.010 CDT [193/T225] ERROR: Cannot read gravity database at /etc/pihole/gravity.db - file does not exist or is not readable
2026-10-09 10:52:57.011 CDT [193/T225] ERROR: Cannot read gravity database at /etc/pihole/gravity.db - file does not exist or is not readable
2026-10-09 10:52:58.013 CDT [193/T225] ERROR: Cannot read gravity database at /etc/pihole/gravity.db - file does not exist or is not readable
2026-10-09 10:52:59.014 CDT [193/T225] ERROR: Cannot read gravity database at /etc/pihole/gravity.db - file does not exist or is not readable
2026-10-09 10:53:00.015 CDT [193/T225] ERROR: Cannot read gravity database at /etc/pihole/gravity.db - file does not exist or is not readable
2026-10-09 10:53:01.018 CDT [193/T225] ERROR: Cannot read gravity database at /etc/pihole/gravity.db - file does not exist or is not readable
2026-10-09 10:53:02.021 CDT [193/T225] ERROR: Cannot read gravity database at /etc/pihole/gravity.db - file does not exist or is not readable
2026-10-09 10:53:03.022 CDT [193/T225] ERROR: Cannot read gravity database at /etc/pihole/gravity.db - file does not exist or is not readable
2026-10-09 10:53:04.024 CDT [193/T225] ERROR: Cannot read gravity database at /etc/pihole/gravity.db - file does not exist or is not readable
2026-10-09 10:53:05.026 CDT [193/T225] ERROR: Cannot read gravity database at /etc/pihole/gravity.db - file does not exist or is not readable
2026-10-09 10:53:06.027 CDT [193/T225] ERROR: Cannot read gravity database at /etc/pihole/gravity.db - file does not exist or is not readable
2026-10-09 10:53:07.030 CDT [193/T225] ERROR: Cannot read gravity database at /etc/pihole/gravity.db - file does not exist or is not readable
2026-10-09 10:53:08.032 CDT [193/T225] ERROR: Cannot read gravity database at /etc/pihole/gravity.db - file does not exist or is not readable
2026-10-09 10:53:09.036 CDT [193/T225] ERROR: Cannot read gravity database at /etc/pihole/gravity.db - file does not exist or is not readable
2026-10-09 10:53:10.037 CDT [193/T225] ERROR: Cannot read gravity database at /etc/pihole/gravity.db - file does not exist or is not readable
2026-10-09 10:53:11.038 CDT [193/T225] ERROR: Cannot read gravity database at /etc/pihole/gravity.db - file does not exist or is not readable
2026-10-09 10:53:12.040 CDT [193/T225] ERROR: Cannot read gravity database at /etc/pihole/gravity.db - file does not exist or is not readable
2026-10-09 10:53:13.041 CDT [193/T225] ERROR: Cannot read gravity database at /etc/pihole/gravity.db - file does not exist or is not readable
2026-10-09 10:53:14.043 CDT [193/T225] ERROR: Cannot read gravity database at /etc/pihole/gravity.db - file does not exist or is not readable
2026-10-09 10:53:15.044 CDT [193/T225] ERROR: Cannot read gravity database at /etc/pihole/gravity.db - file does not exist or is not readable
2026-10-09 10:53:16.045 CDT [193/T225] ERROR: Cannot read gravity database at /etc/pihole/gravity.db - file does not exist or is not readable
2026-10-09 10:53:17.047 CDT [193/T225] ERROR: Cannot read gravity database at /etc/pihole/gravity.db - file does not exist or is not readable
2026-10-09 10:53:18.048 CDT [193/T225] ERROR: Cannot read gravity database at /etc/pihole/gravity.db - file does not exist or is not readable
2026-10-09 10:53:19.051 CDT [193/T225] ERROR: Cannot read gravity database at /etc/pihole/gravity.db - file does not exist or is not readable
2026-10-09 10:53:20.054 CDT [193/T225] ERROR: Cannot read gravity database at /etc/pihole/gravity.db - file does not exist or is not readable
2026-10-09 10:53:21.055 CDT [193/T225] ERROR: Cannot read gravity database at /etc/pihole/gravity.db - file does not exist or is not readable
2026-10-09 10:53:22.057 CDT [193/T225] ERROR: Cannot read gravity database at /etc/pihole/gravity.db - file does not exist or is not readable
2026-10-09 10:53:23.058 CDT [193/T225] ERROR: Cannot read gravity database at /etc/pihole/gravity.db - file does not exist or is not readable
2026-10-09 10:53:24.060 CDT [193/T225] ERROR: Cannot read gravity database at /etc/pihole/gravity.db - file does not exist or is not readable
2026-10-09 10:53:25.061 CDT [193/T225] ERROR: Cannot read gravity database at /etc/pihole/gravity.db - file does not exist or is not readable
2026-10-09 10:53:26.062 CDT [193/T225] ERROR: Cannot read gravity database at /etc/pihole/gravity.db - file does not exist or is not readable
2026-10-09 10:53:27.064 CDT [193/T225] ERROR: Cannot read gravity database at /etc/pihole/gravity.db - file does not exist or is not readable
2026-10-09 10:53:28.065 CDT [193/T225] ERROR: Cannot read gravity database at /etc/pihole/gravity.db - file does not exist or is not readable
2026-10-09 10:53:29.066 CDT [193/T225] ERROR: Cannot read gravity database at /etc/pihole/gravity.db - file does not exist or is not readable
2026-10-09 10:53:30.067 CDT [193/T225] ERROR: Cannot read gravity database at /etc/pihole/gravity.db - file does not exist or is not readable
2026-10-09 10:53:31.069 CDT [193/T225] ERROR: Cannot read gravity database at /etc/pihole/gravity.db - file does not exist or is not readable
2026-10-09 10:53:32.073 CDT [193/T225] ERROR: Cannot read gravity database at /etc/pihole/gravity.db - file does not exist or is not readable
2026-10-09 10:53:33.075 CDT [193/T225] ERROR: Cannot read gravity database at /etc/pihole/gravity.db - file does not exist or is not readable
2026-10-09 10:53:34.078 CDT [193/T225] ERROR: Cannot read gravity database at /etc/pihole/gravity.db - file does not exist or is not readable
2026-10-09 10:53:35.079 CDT [193/T225] ERROR: Cannot read gravity database at /etc/pihole/gravity.db - file does not exist or is not readable
2026-10-09 10:53:36.080 CDT [193/T225] ERROR: Cannot read gravity database at /etc/pihole/gravity.db - file does not exist or is not readable
2026-10-09 10:53:37.082 CDT [193/T225] ERROR: Cannot read gravity database at /etc/pihole/gravity.db - file does not exist or is not readable
2026-10-09 10:53:38.083 CDT [193/T225] ERROR: Cannot read gravity database at /etc/pihole/gravity.db - file does not exist or is not readable
2026-10-09 10:53:39.084 CDT [193/T225] ERROR: Cannot read gravity database at /etc/pihole/gravity.db - file does not exist or is not readable
2026-10-09 10:53:40.085 CDT [193/T225] ERROR: Cannot read gravity database at /etc/pihole/gravity.db - file does not exist or is not readable
2026-10-09 10:53:41.087 CDT [193/T225] ERROR: Cannot read gravity database at /etc/pihole/gravity.db - file does not exist or is not readable
2026-10-09 10:53:42.088 CDT [193/T225] ERROR: Cannot read gravity database at /etc/pihole/gravity.db - file does not exist or is not readable
2026-10-09 10:53:43.090 CDT [193/T225] ERROR: Cannot read gravity database at /etc/pihole/gravity.db - file does not exist or is not readable
2026-10-09 10:53:44.091 CDT [193/T225] ERROR: Cannot read gravity database at /etc/pihole/gravity.db - file does not exist or is not readable
2026-10-09 10:53:45.092 CDT [193/T225] ERROR: Cannot read gravity database at /etc/pihole/gravity.db - file does not exist or is not readable
2026-10-09 10:53:46.094 CDT [193/T225] ERROR: Cannot read gravity database at /etc/pihole/gravity.db - file does not exist or is not readable
2026-10-09 10:53:47.095 CDT [193/T225] ERROR: Cannot read gravity database at /etc/pihole/gravity.db - file does not exist or is not readable
2026-10-09 10:53:48.097 CDT [193/T225] ERROR: Cannot read gravity database at /etc/pihole/gravity.db - file does not exist or is not readable
2026-10-09 10:53:49.098 CDT [193/T225] ERROR: Cannot read gravity database at /etc/pihole/gravity.db - file does not exist or is not readable
2026-10-09 10:53:50.000 CDT [193/T225] ERROR: Cannot read gravity database at /etc/pihole/gravity.db - file does not exist or is not readable
2026-10-09 10:53:51.003 CDT [193/T225] ERROR: Cannot read gravity database at /etc/pihole/gravity.db - file does not exist or is not readable
2026-10-09 10:53:52.005 CDT [193/T225] ERROR: Cannot read gravity database at /etc/pihole/gravity.db - file does not exist or is not readable
2026-10-09 10:53:53.007 CDT [193/T225] ERROR: Cannot read gravity database at /etc/pihole/gravity.db - file does not exist or is not readable
2026-10-09 10:53:54.008 CDT [193/T225] ERROR: Cannot read gravity database at /etc/pihole/gravity.db - file does not exist or is not readable
2026-10-09 10:53:55.010 CDT [193/T225] ERROR: Cannot read gravity database at /etc/pihole/gravity.db - file does not exist or is not readable
2026-10-09 10:53:56.011 CDT [193/T225] ERROR: Cannot read gravity database at /etc/pihole/gravity.db - file does not exist or is not readable
2026-10-09 10:53:57.013 CDT [193/T225] ERROR: Cannot read gravity database at /etc/pihole/gravity.db - file does not exist or is not readable
2026-10-09 10:53:58.014 CDT [193/T225] ERROR: Cannot read gravity database at /etc/pihole/gravity.db - file does not exist or is not readable
2026-10-09 10:53:59.015 CDT [193/T225] ERROR: Cannot read gravity database at /etc/pihole/gravity.db - file does not exist or is not readable
2026-10-09 10:54:00.017 CDT [193/T225] ERROR: Cannot read gravity database at /etc/pihole/gravity.db - file does not exist or is not readable
2026-10-09 10:54:01.020 CDT [193/T225] ERROR: Cannot read gravity database at /etc/pihole/gravity.db - file does not exist or is not readable
2026-10-09 10:54:02.021 CDT [193/T225] ERROR: Cannot read gravity database at /etc/pihole/gravity.db - file does not exist or is not readable
2026-10-09 10:54:03.023 CDT [193/T225] ERROR: Cannot read gravity database at /etc/pihole/gravity.db - file does not exist or is not readable
2026-10-09 10:54:04.024 CDT [193/T225] ERROR: Cannot read gravity database at /etc/pihole/gravity.db - file does not exist or is not readable
2026-10-09 10:54:05.025 CDT [193/T225] ERROR: Cannot read gravity database at /etc/pihole/gravity.db - file does not exist or is not readable
2026-10-09 10:54:06.027 CDT [193/T225] ERROR: Cannot read gravity database at /etc/pihole/gravity.db - file does not exist or is not readable
2026-10-09 10:54:07.028 CDT [193/T225] ERROR: Cannot read gravity database at /etc/pihole/gravity.db - file does not exist or is not readable
2026-10-09 10:54:08.029 CDT [193/T225] ERROR: Cannot read gravity database at /etc/pihole/gravity.db - file does not exist or is not readable
2026-10-09 10:54:09.031 CDT [193/T225] ERROR: Cannot read gravity database at /etc/pihole/gravity.db - file does not exist or is not readable
2026-10-09 10:54:10.033 CDT [193/T225] ERROR: Cannot read gravity database at /etc/pihole/gravity.db - file does not exist or is not readable
2026-10-09 10:54:11.034 CDT [193/T225] ERROR: Cannot read gravity database at /etc/pihole/gravity.db - file does not exist or is not readable
2026-10-09 10:54:12.035 CDT [193/T225] ERROR: Cannot read gravity database at /etc/pihole/gravity.db - file does not exist or is not readable
2026-10-09 10:54:13.037 CDT [193/T225] ERROR: Cannot read gravity database at /etc/pihole/gravity.db - file does not exist or is not readable
2026-10-09 10:54:14.038 CDT [193/T225] ERROR: Cannot read gravity database at /etc/pihole/gravity.db - file does not exist or is not readable
2026-10-09 10:54:15.039 CDT [193/T225] ERROR: Cannot read gravity database at /etc/pihole/gravity.db - file does not exist or is not readable
2026-10-09 10:54:16.041 CDT [193/T225] ERROR: Cannot read gravity database at /etc/pihole/gravity.db - file does not exist or is not readable
2026-10-09 10:54:17.042 CDT [193/T225] ERROR: Cannot read gravity database at /etc/pihole/gravity.db - file does not exist or is not readable
2026-10-09 10:54:18.044 CDT [193/T225] ERROR: Cannot read gravity database at /etc/pihole/gravity.db - file does not exist or is not readable
2026-10-09 10:54:19.045 CDT [193/T225] ERROR: Cannot read gravity database at /etc/pihole/gravity.db - file does not exist or is not readable
2026-10-09 10:54:20.046 CDT [193/T225] ERROR: Cannot read gravity database at /etc/pihole/gravity.db - file does not exist or is not readable
2026-10-09 10:54:21.048 CDT [193/T225] ERROR: Cannot read gravity database at /etc/pihole/gravity.db - file does not exist or is not readable
2026-10-09 10:54:22.049 CDT [193/T225] ERROR: Cannot read gravity database at /etc/pihole/gravity.db - file does not exist or is not readable
2026-10-09 10:54:23.051 CDT [193/T225] ERROR: Cannot read gravity database at /etc/pihole/gravity.db - file does not exist or is not readable
2026-10-09 10:54:24.053 CDT [193/T225] ERROR: Cannot read gravity database at /etc/pihole/gravity.db - file does not exist or is not readable
2026-10-09 10:54:25.055 CDT [193/T225] ERROR: Cannot read gravity database at /etc/pihole/gravity.db - file does not exist or is not readable
2026-10-09 10:54:26.057 CDT [193/T225] ERROR: Cannot read gravity database at /etc/pihole/gravity.db - file does not exist or is not readable
2026-10-09 10:54:27.058 CDT [193/T225] ERROR: Cannot read gravity database at /etc/pihole/gravity.db - file does not exist or is not readable
2026-10-09 10:54:28.060 CDT [193/T225] ERROR: Cannot read gravity database at /etc/pihole/gravity.db - file does not exist or is not readable
2026-10-09 10:54:29.061 CDT [193/T225] ERROR: Cannot read gravity database at /etc/pihole/gravity.db - file does not exist or is not readable
2026-10-09 10:54:30.063 CDT [193/T225] ERROR: Cannot read gravity database at /etc/pihole/gravity.db - file does not exist or is not readable
2026-10-09 10:54:31.064 CDT [193/T225] ERROR: Cannot read gravity database at /etc/pihole/gravity.db - file does not exist or is not readable
2026-10-09 10:54:32.066 CDT [193/T225] ERROR: Cannot read gravity database at /etc/pihole/gravity.db - file does not exist or is not readable
2026-10-09 10:54:33.067 CDT [193/T225] ERROR: Cannot read gravity database at /etc/pihole/gravity.db - file does not exist or is not readable
2026-10-09 10:54:34.069 CDT [193/T225] ERROR: Cannot read gravity database at /etc/pihole/gravity.db - file does not exist or is not readable
2026-10-09 10:54:35.070 CDT [193/T225] ERROR: Cannot read gravity database at /etc/pihole/gravity.db - file does not exist or is not readable
2026-10-09 10:54:36.072 CDT [193/T225] ERROR: Cannot read gravity database at /etc/pihole/gravity.db - file does not exist or is not readable
2026-10-09 10:54:37.073 CDT [193/T225] ERROR: Cannot read gravity database at /etc/pihole/gravity.db - file does not exist or is not readable
2026-10-09 10:54:38.075 CDT [193/T225] ERROR: Cannot read gravity database at /etc/pihole/gravity.db - file does not exist or is not readable
2026-10-09 10:54:39.078 CDT [193/T225] ERROR: Cannot read gravity database at /etc/pihole/gravity.db - file does not exist or is not readable
2026-10-09 10:54:40.081 CDT [193/T225] ERROR: Cannot read gravity database at /etc/pihole/gravity.db - file does not exist or is not readable
2026-10-09 10:54:41.082 CDT [193/T225] ERROR: Cannot read gravity database at /etc/pihole/gravity.db - file does not exist or is not readable
2026-10-09 10:54:42.084 CDT [193/T225] ERROR: Cannot read gravity database at /etc/pihole/gravity.db - file does not exist or is not readable
2026-10-09 10:54:43.085 CDT [193/T225] ERROR: Cannot read gravity database at /etc/pihole/gravity.db - file does not exist or is not readable
2026-10-09 10:54:44.087 CDT [193/T225] ERROR: Cannot read gravity database at /etc/pihole/gravity.db - file does not exist or is not readable
2026-10-09 10:54:45.088 CDT [193/T225] ERROR: Cannot read gravity database at /etc/pihole/gravity.db - file does not exist or is not readable
2026-10-09 10:54:46.090 CDT [193/T225] ERROR: Cannot read gravity database at /etc/pihole/gravity.db - file does not exist or is not readable
2026-10-09 10:54:47.091 CDT [193/T225] ERROR: Cannot read gravity database at /etc/pihole/gravity.db - file does not exist or is not readable
2026-10-09 10:54:48.093 CDT [193/T225] ERROR: Cannot read gravity database at /etc/pihole/gravity.db - file does not exist or is not readable
2026-10-09 10:54:49.095 CDT [193/T225] ERROR: Cannot read gravity database at /etc/pihole/gravity.db - file does not exist or is not readable
2026-10-09 10:54:50.097 CDT [193/T225] ERROR: Cannot read gravity database at /etc/pihole/gravity.db - file does not exist or is not readable
2026-10-09 10:54:51.098 CDT [193/T225] ERROR: Cannot read gravity database at /etc/pihole/gravity.db - file does not exist or is not readable
2026-10-09 10:54:52.100 CDT [193/T225] ERROR: Cannot read gravity database at /etc/pihole/gravity.db - file does not exist or is not readable
2026-10-09 10:54:53.001 CDT [193/T225] ERROR: Cannot read gravity database at /etc/pihole/gravity.db - file does not exist or is not readable
2026-10-09 10:54:54.003 CDT [193/T225] ERROR: Cannot read gravity database at /etc/pihole/gravity.db - file does not exist or is not readable
2026-10-09 10:54:55.005 CDT [193/T225] ERROR: Cannot read gravity database at /etc/pihole/gravity.db - file does not exist or is not readable
2026-10-09 10:54:56.006 CDT [193/T225] ERROR: Cannot read gravity database at /etc/pihole/gravity.db - file does not exist or is not readable
2026-10-09 10:54:57.008 CDT [193/T225] ERROR: Cannot read gravity database at /etc/pihole/gravity.db - file does not exist or is not readable
2026-10-09 10:54:58.009 CDT [193/T225] ERROR: Cannot read gravity database at /etc/pihole/gravity.db - file does not exist or is not readable
2026-10-09 10:54:59.010 CDT [193/T225] ERROR: Cannot read gravity database at /etc/pihole/gravity.db - file does not exist or is not readable
2026-10-09 10:55:00.012 CDT [193/T225] ERROR: Cannot read gravity database at /etc/pihole/gravity.db - file does not exist or is not readable
2026-10-09 10:55:01.015 CDT [193/T225] ERROR: Cannot read gravity database at /etc/pihole/gravity.db - file does not exist or is not readable
2026-10-09 10:55:02.016 CDT [193/T225] ERROR: Cannot read gravity database at /etc/pihole/gravity.db - file does not exist or is not readable
2026-10-09 10:55:03.018 CDT [193/T225] ERROR: Cannot read gravity database at /etc/pihole/gravity.db - file does not exist or is not readable
2026-10-09 10:55:04.019 CDT [193/T225] ERROR: Cannot read gravity database at /etc/pihole/gravity.db - file does not exist or is not readable
2026-10-09 10:55:05.022 CDT [193/T225] ERROR: Cannot read gravity database at /etc/pihole/gravity.db - file does not exist or is not readable
2026-10-09 10:55:06.023 CDT [193/T225] ERROR: Cannot read gravity database at /etc/pihole/gravity.db - file does not exist or is not readable
2026-10-09 10:55:07.024 CDT [193/T225] ERROR: Cannot read gravity database at /etc/pihole/gravity.db - file does not exist or is not readable
2026-10-09 10:55:08.026 CDT [193/T225] ERROR: Cannot read gravity database at /etc/pihole/gravity.db - file does not exist or is not readable
2026-10-09 10:55:09.027 CDT [193/T225] ERROR: Cannot read gravity database at /etc/pihole/gravity.db - file does not exist or is not readable
2026-10-09 10:55:10.029 CDT [193/T225] ERROR: Cannot read gravity database at /etc/pihole/gravity.db - file does not exist or is not readable
2026-10-09 10:55:11.030 CDT [193/T225] ERROR: Cannot read gravity database at /etc/pihole/gravity.db - file does not exist or is not readable
2026-10-09 10:55:12.032 CDT [193/T225] ERROR: Cannot read gravity database at /etc/pihole/gravity.db - file does not exist or is not readable
2026-10-09 10:55:13.033 CDT [193/T225] ERROR: Cannot read gravity database at /etc/pihole/gravity.db - file does not exist or is not readable
2026-10-09 10:55:14.035 CDT [193/T225] ERROR: Cannot read gravity database at /etc/pihole/gravity.db - file does not exist or is not readable
2026-10-09 10:55:15.037 CDT [193/T225] ERROR: Cannot read gravity database at /etc/pihole/gravity.db - file does not exist or is not readable
2026-10-09 10:55:16.039 CDT [193/T225] ERROR: Cannot read gravity database at /etc/pihole/gravity.db - file does not exist or is not readable
2026-10-09 10:55:17.040 CDT [193/T225] ERROR: Cannot read gravity database at /etc/pihole/gravity.db - file does not exist or is not readable
2026-10-09 10:55:18.042 CDT [193/T225] ERROR: Cannot read gravity database at /etc/pihole/gravity.db - file does not exist or is not readable
2026-10-09 10:55:19.043 CDT [193/T225] ERROR: Cannot read gravity database at /etc/pihole/gravity.db - file does not exist or is not readable
2026-10-09 10:55:20.045 CDT [193/T225] ERROR: Cannot read gravity database at /etc/pihole/gravity.db - file does not exist or is not readable
2026-10-09 10:55:21.046 CDT [193/T225] ERROR: Cannot read gravity database at /etc/pihole/gravity.db - file does not exist or is not readable
2026-10-09 10:55:22.048 CDT [193/T225] ERROR: Cannot read gravity database at /etc/pihole/gravity.db - file does not exist or is not readable
2026-10-09 10:55:23.049 CDT [193/T225] ERROR: Cannot read gravity database at /etc/pihole/gravity.db - file does not exist or is not readable
2026-10-09 10:55:24.050 CDT [193/T225] ERROR: Cannot read gravity database at /etc/pihole/gravity.db - file does not exist or is not readable
2026-10-09 10:55:25.052 CDT [193/T225] ERROR: Cannot read gravity database at /etc/pihole/gravity.db - file does not exist or is not readable
2026-10-09 10:55:26.053 CDT [193/T225] ERROR: Cannot read gravity database at /etc/pihole/gravity.db - file does not exist or is not readable
2026-10-09 10:55:27.055 CDT [193/T225] ERROR: Cannot read gravity database at /etc/pihole/gravity.db - file does not exist or is not readable
2026-10-09 10:55:28.056 CDT [193/T225] ERROR: Cannot read gravity database at /etc/pihole/gravity.db - file does not exist or is not readable
2026-10-09 10:55:29.057 CDT [193/T225] ERROR: Cannot read gravity database at /etc/pihole/gravity.db - file does not exist or is not readable
2026-10-09 10:55:30.059 CDT [193/T225] ERROR: Cannot read gravity database at /etc/pihole/gravity.db - file does not exist or is not readable
2026-10-09 10:55:31.060 CDT [193/T225] ERROR: Cannot read gravity database at /etc/pihole/gravity.db - file does not exist or is not readable
2026-10-09 10:55:32.062 CDT [193/T225] ERROR: Cannot read gravity database at /etc/pihole/gravity.db - file does not exist or is not readable
2026-10-09 10:55:33.063 CDT [193/T225] ERROR: Cannot read gravity database at /etc/pihole/gravity.db - file does not exist or is not readable
2026-10-09 10:55:34.065 CDT [193/T225] ERROR: Cannot read gravity database at /etc/pihole/gravity.db - file does not exist or is not readable
2026-10-09 10:55:35.066 CDT [193/T225] ERROR: Cannot read gravity database at /etc/pihole/gravity.db - file does not exist or is not readable
2026-10-09 10:55:36.068 CDT [193/T225] ERROR: Cannot read gravity database at /etc/pihole/gravity.db - file does not exist or is not readable
2026-10-09 10:55:37.069 CDT [193/T225] ERROR: Cannot read gravity database at /etc/pihole/gravity.db - file does not exist or is not readable
2026-10-09 10:55:38.070 CDT [193/T225] ERROR: Cannot read gravity database at /etc/pihole/gravity.db - file does not exist or is not readable
2026-10-09 10:55:39.072 CDT [193/T225] ERROR: Cannot read gravity database at /etc/pihole/gravity.db - file does not exist or is not readable
2026-10-09 10:55:40.073 CDT [193/T225] ERROR: Cannot read gravity database at /etc/pihole/gravity.db - file does not exist or is not readable
2026-10-09 10:55:41.074 CDT [193/T225] ERROR: Cannot read gravity database at /etc/pihole/gravity.db - file does not exist or is not readable
2026-10-09 10:55:42.076 CDT [193/T225] ERROR: Cannot read gravity database at /etc/pihole/gravity.db - file does not exist or is not readable
2026-10-09 10:55:43.077 CDT [193/T225] ERROR: Cannot read gravity database at /etc/pihole/gravity.db - file does not exist or is not readable
2026-10-09 10:55:44.078 CDT [193/T225] ERROR: Cannot read gravity database at /etc/pihole/gravity.db - file does not exist or is not readable
2026-10-09 10:55:45.080 CDT [193/T225] ERROR: Cannot read gravity database at /etc/pihole/gravity.db - file does not exist or is not readable
2026-10-09 10:55:46.081 CDT [193/T225] ERROR: Cannot read gravity database at /etc/pihole/gravity.db - file does not exist or is not readable
2026-10-09 10:55:47.083 CDT [193/T225] ERROR: Cannot read gravity database at /etc/pihole/gravity.db - file does not exist or is not readable
2026-10-09 10:55:48.084 CDT [193/T225] ERROR: Cannot read gravity database at /etc/pihole/gravity.db - file does not exist or is not readable
2026-10-09 10:55:49.086 CDT [193/T225] ERROR: Cannot read gravity database at /etc/pihole/gravity.db - file does not exist or is not readable
2026-10-09 10:55:50.088 CDT [193/T225] ERROR: Cannot read gravity database at /etc/pihole/gravity.db - file does not exist or is not readable
2026-10-09 10:55:51.090 CDT [193/T225] ERROR: Cannot read gravity database at /etc/pihole/gravity.db - file does not exist or is not readable
2026-10-09 10:55:52.092 CDT [193/T225] ERROR: Cannot read gravity database at /etc/pihole/gravity.db - file does not exist or is not readable
2026-10-09 10:55:53.094 CDT [193/T225] ERROR: Cannot read gravity database at /etc/pihole/gravity.db - file does not exist or is not readable
2026-10-09 10:55:54.095 CDT [193/T225] ERROR: Cannot read gravity database at /etc/pihole/gravity.db - file does not exist or is not readable
2026-10-09 10:55:55.096 CDT [193/T225] ERROR: Cannot read gravity database at /etc/pihole/gravity.db - file does not exist or is not readable
2026-10-09 10:55:56.098 CDT [193/T225] ERROR: Cannot read gravity database at /etc/pihole/gravity.db - file does not exist or is not readable
2026-10-09 10:55:57.099 CDT [193/T225] ERROR: Cannot read gravity database at /etc/pihole/gravity.db - file does not exist or is not readable
2026-10-09 10:55:58.000 CDT [193/T225] ERROR: Cannot read gravity database at /etc/pihole/gravity.db - file does not exist or is not readable
2026-10-09 10:55:59.002 CDT [193/T225] ERROR: Cannot read gravity database at /etc/pihole/gravity.db - file does not exist or is not readable
2026-10-09 10:56:00.003 CDT [193/T225] ERROR: Cannot read gravity database at /etc/pihole/gravity.db - file does not exist or is not readable
2026-10-09 10:56:01.006 CDT [193/T225] ERROR: Cannot read gravity database at /etc/pihole/gravity.db - file does not exist or is not readable
2026-10-09 10:56:02.007 CDT [193/T225] ERROR: Cannot read gravity database at /etc/pihole/gravity.db - file does not exist or is not readable
2026-10-09 10:56:03.009 CDT [193/T225] ERROR: Cannot read gravity database at /etc/pihole/gravity.db - file does not exist or is not readable
2026-10-09 10:56:04.011 CDT [193/T225] ERROR: Cannot read gravity database at /etc/pihole/gravity.db - file does not exist or is not readable
2026-10-09 10:56:05.012 CDT [193/T225] ERROR: Cannot read gravity database at /etc/pihole/gravity.db - file does not exist or is not readable
2026-10-09 10:56:06.015 CDT [193/T225] ERROR: Cannot read gravity database at /etc/pihole/gravity.db - file does not exist or is not readable
2026-10-09 10:56:07.017 CDT [193/T225] ERROR: Cannot read gravity database at /etc/pihole/gravity.db - file does not exist or is not readable
2026-10-09 10:56:08.018 CDT [193/T225] ERROR: Cannot read gravity database at /etc/pihole/gravity.db - file does not exist or is not readable
2026-10-09 10:56:09.020 CDT [193/T225] ERROR: Cannot read gravity database at /etc/pihole/gravity.db - file does not exist or is not readable
2026-10-09 10:56:10.021 CDT [193/T225] ERROR: Cannot read gravity database at /etc/pihole/gravity.db - file does not exist or is not readable
2026-10-09 10:56:11.022 CDT [193/T225] ERROR: Cannot read gravity database at /etc/pihole/gravity.db - file does not exist or is not readable
2026-10-09 10:56:12.024 CDT [193/T225] ERROR: Cannot read gravity database at /etc/pihole/gravity.db - file does not exist or is not readable
2026-10-09 10:56:13.025 CDT [193/T225] ERROR: Cannot read gravity database at /etc/pihole/gravity.db - file does not exist or is not readable
2026-10-09 10:56:14.027 CDT [193/T225] ERROR: Cannot read gravity database at /etc/pihole/gravity.db - file does not exist or is not readable
2026-10-09 10:56:15.028 CDT [193/T225] ERROR: Cannot read gravity database at /etc/pihole/gravity.db - file does not exist or is not readable
2026-10-09 10:56:16.030 CDT [193/T225] ERROR: Cannot read gravity database at /etc/pihole/gravity.db - file does not exist or is not readable
2026-10-09 10:56:17.032 CDT [193/T225] ERROR: Cannot read gravity database at /etc/pihole/gravity.db - file does not exist or is not readable
2026-10-09 10:56:18.034 CDT [193/T225] ERROR: Cannot read gravity database at /etc/pihole/gravity.db - file does not exist or is not readable
2026-10-09 10:56:19.036 CDT [193/T225] ERROR: Cannot read gravity database at /etc/pihole/gravity.db - file does not exist or is not readable
2026-10-09 10:56:20.037 CDT [193/T225] ERROR: Cannot read gravity database at /etc/pihole/gravity.db - file does not exist or is not readable
2026-10-09 10:56:21.038 CDT [193/T225] ERROR: Cannot read gravity database at /etc/pihole/gravity.db - file does not exist or is not readable
2026-10-09 10:56:22.040 CDT [193/T225] ERROR: Cannot read gravity database at /etc/pihole/gravity.db - file does not exist or is not readable
2026-10-09 10:56:23.041 CDT [193/T225] ERROR: Cannot read gravity database at /etc/pihole/gravity.db - file does not exist or is not readable
2026-10-09 10:56:24.042 CDT [193/T225] ERROR: Cannot read gravity database at /etc/pihole/gravity.db - file does not exist or is not readable
2026-10-09 10:56:25.044 CDT [193/T225] ERROR: Cannot read gravity database at /etc/pihole/gravity.db - file does not exist or is not readable
2026-10-09 10:56:26.046 CDT [193/T225] ERROR: Cannot read gravity database at /etc/pihole/gravity.db - file does not exist or is not readable
2026-10-09 10:56:27.049 CDT [193/T225] ERROR: Cannot read gravity database at /etc/pihole/gravity.db - file does not exist or is not readable
2026-10-09 10:56:28.051 CDT [193/T225] ERROR: Cannot read gravity database at /etc/pihole/gravity.db - file does not exist or is not readable
2026-10-09 10:56:29.053 CDT [193/T225] ERROR: Cannot read gravity database at /etc/pihole/gravity.db - file does not exist or is not readable
2026-10-09 10:56:30.054 CDT [193/T225] ERROR: Cannot read gravity database at /etc/pihole/gravity.db - file does not exist or is not readable
2026-10-09 10:56:31.056 CDT [193/T225] ERROR: Cannot read gravity database at /etc/pihole/gravity.db - file does not exist or is not readable
2026-10-09 10:56:32.058 CDT [193/T225] ERROR: Cannot read gravity database at /etc/pihole/gravity.db - file does not exist or is not readable
2026-10-09 10:56:33.060 CDT [193/T225] ERROR: Cannot read gravity database at /etc/pihole/gravity.db - file does not exist or is not readable
2026-10-09 10:56:34.061 CDT [193/T225] ERROR: Cannot read gravity database at /etc/pihole/gravity.db - file does not exist or is not readable
2026-10-09 10:56:35.064 CDT [193/T225] ERROR: Cannot read gravity database at /etc/pihole/gravity.db - file does not exist or is not readable
2026-10-09 10:56:36.066 CDT [193/T225] ERROR: Cannot read gravity database at /etc/pihole/gravity.db - file does not exist or is not readable
2026-10-09 10:56:37.067 CDT [193/T225] ERROR: Cannot read gravity database at /etc/pihole/gravity.db - file does not exist or is not readable
2026-10-09 10:56:38.068 CDT [193/T225] ERROR: Cannot read gravity database at /etc/pihole/gravity.db - file does not exist or is not readable
2026-10-09 10:56:39.070 CDT [193/T225] ERROR: Cannot read gravity database at /etc/pihole/gravity.db - file does not exist or is not readable
2026-10-09 10:56:40.072 CDT [193/T225] ERROR: Cannot read gravity database at /etc/pihole/gravity.db - file does not exist or is not readable
2026-10-09 10:56:41.073 CDT [193/T225] ERROR: Cannot read gravity database at /etc/pihole/gravity.db - file does not exist or is not readable
2026-10-09 10:56:42.074 CDT [193/T225] ERROR: Cannot read gravity database at /etc/pihole/gravity.db - file does not exist or is not readable
2026-10-09 10:56:43.076 CDT [193/T225] ERROR: Cannot read gravity database at /etc/pihole/gravity.db - file does not exist or is not readable
2026-10-09 10:56:44.077 CDT [193/T225] ERROR: Cannot read gravity database at /etc/pihole/gravity.db - file does not exist or is not readable
2026-10-09 10:56:45.079 CDT [193/T225] ERROR: Cannot read gravity database at /etc/pihole/gravity.db - file does not exist or is not readable
2026-10-09 10:56:46.080 CDT [193/T225] ERROR: Cannot read gravity database at /etc/pihole/gravity.db - file does not exist or is not readable
2026-10-09 10:56:47.082 CDT [193/T225] ERROR: Cannot read gravity database at /etc/pihole/gravity.db - file does not exist or is not readable
2026-10-09 10:56:48.083 CDT [193/T225] ERROR: Cannot read gravity database at /etc/pihole/gravity.db - file does not exist or is not readable
2026-10-09 10:56:49.085 CDT [193/T225] ERROR: Cannot read gravity database at /etc/pihole/gravity.db - file does not exist or is not readable
2026-10-09 10:56:50.086 CDT [193/T225] ERROR: Cannot read gravity database at /etc/pihole/gravity.db - file does not exist or is not readable
2026-10-09 10:56:51.087 CDT [193/T225] ERROR: Cannot read gravity database at /etc/pihole/gravity.db - file does not exist or is not readable
2026-10-09 10:56:52.089 CDT [193/T225] ERROR: Cannot read gravity database at /etc/pihole/gravity.db - file does not exist or is not readable
2026-10-09 10:56:53.090 CDT [193/T225] ERROR: Cannot read gravity database at /etc/pihole/gravity.db - file does not exist or is not readable
2026-10-09 10:56:54.092 CDT [193/T225] ERROR: Cannot read gravity database at /etc/pihole/gravity.db - file does not exist or is not readable
2026-10-09 10:56:55.093 CDT [193/T225] ERROR: Cannot read gravity database at /etc/pihole/gravity.db - file does not exist or is not readable
2026-10-09 10:56:56.094 CDT [193/T225] ERROR: Cannot read gravity database at /etc/pihole/gravity.db - file does not exist or is not readable
2026-10-09 10:56:57.096 CDT [193/T225] ERROR: Cannot read gravity database at /etc/pihole/gravity.db - file does not exist or is not readable
2026-10-09 10:56:58.097 CDT [193/T225] ERROR: Cannot read gravity database at /etc/pihole/gravity.db - file does not exist or is not readable
2026-10-09 10:56:59.099 CDT [193/T225] ERROR: Cannot read gravity database at /etc/pihole/gravity.db - file does not exist or is not readable
2026-10-09 10:57:00.000 CDT [193/T225] ERROR: Cannot read gravity database at /etc/pihole/gravity.db - file does not exist or is not readable
2026-10-09 10:57:01.006 CDT [193/T225] ERROR: Cannot read gravity database at /etc/pihole/gravity.db - file does not exist or is not readable
2026-10-09 10:57:02.008 CDT [193/T225] ERROR: Cannot read gravity database at /etc/pihole/gravity.db - file does not exist or is not readable
2026-10-09 10:57:03.009 CDT [193/T225] ERROR: Cannot read gravity database at /etc/pihole/gravity.db - file does not exist or is not readable
2026-10-09 10:57:04.011 CDT [193/T225] ERROR: Cannot read gravity database at /etc/pihole/gravity.db - file does not exist or is not readable
2026-10-09 10:57:05.012 CDT [193/T225] ERROR: Cannot read gravity database at /etc/pihole/gravity.db - file does not exist or is not readable
2026-10-09 10:57:06.014 CDT [193/T225] ERROR: Cannot read gravity database at /etc/pihole/gravity.db - file does not exist or is not readable
2026-10-09 10:57:07.015 CDT [193/T225] ERROR: Cannot read gravity database at /etc/pihole/gravity.db - file does not exist or is not readable
2026-10-09 10:57:08.017 CDT [193/T225] ERROR: Cannot read gravity database at /etc/pihole/gravity.db - file does not exist or is not readable
2026-10-09 10:57:09.018 CDT [193/T225] ERROR: Cannot read gravity database at /etc/pihole/gravity.db - file does not exist or is not readable
2026-10-09 10:57:10.020 CDT [193/T225] ERROR: Cannot read gravity database at /etc/pihole/gravity.db - file does not exist or is not readable
2026-10-09 10:57:11.022 CDT [193/T225] ERROR: Cannot read gravity database at /etc/pihole/gravity.db - file does not exist or is not readable
2026-10-09 10:57:12.024 CDT [193/T225] ERROR: Cannot read gravity database at /etc/pihole/gravity.db - file does not exist or is not readable
2026-10-09 10:57:13.025 CDT [193/T225] ERROR: Cannot read gravity database at /etc/pihole/gravity.db - file does not exist or is not readable
2026-10-09 10:57:14.026 CDT [193/T225] ERROR: Cannot read gravity database at /etc/pihole/gravity.db - file does not exist or is not readable
2026-10-09 10:57:15.028 CDT [193/T225] ERROR: Cannot read gravity database at /etc/pihole/gravity.db - file does not exist or is not readable
2026-10-09 10:57:16.029 CDT [193/T225] ERROR: Cannot read gravity database at /etc/pihole/gravity.db - file does not exist or is not readable
2026-10-09 10:57:16.459 CDT [193M] INFO: Shutting down (exit code 0, jmpret 0)
2026-10-09 10:57:16.469 CDT [193/T228] INFO: Terminating timer thread
2026-10-09 10:57:16.530 CDT [193/T225] INFO: Terminating database thread
2026-10-09 10:57:16.710 CDT [193M] INFO: Finished final database update
2026-10-09 10:57:16.710 CDT [193M] INFO: Asked to terminate by "N/A" (PID 402, user root UID 0)
2026-10-09 10:57:16.710 CDT [193M] INFO: Waiting for threads to join
2026-10-09 10:57:16.710 CDT [193M] INFO: Thread housekeeper (1) is idle, terminating it.
2026-10-09 10:57:16.710 CDT [193M] INFO: Thread dns-client (2) is idle, terminating it.
2026-10-09 10:57:16.711 CDT [193M] INFO: Thread webserver (7) is idle, terminating it.
2026-10-09 10:57:16.711 CDT [193M] INFO: All threads joined
2026-10-09 10:57:16.711 CDT [193M] INFO: PID file emptied
2026-10-09 10:57:17.513 CDT [193M] INFO: Stored 0 API sessions in the database
2026-10-09 10:57:17.516 CDT [193M] INFO: Terminated by "N/A" (PID 402, user root UID 0)
2026-10-09 10:57:17.516 CDT [193M] INFO: ########## FTL terminated after 5m 51s  (code 0)! ##########
